../Middlewares/ST/netxduo/addons/mqtt/nxd_mqtt_client.c:112:6:_nxd_mqtt_client_set_fixed_header	56	static
../Middlewares/ST/netxduo/addons/mqtt/nxd_mqtt_client.c:194:6:_nxd_mqtt_read_remaining_length	56	static
../Middlewares/ST/netxduo/addons/mqtt/nxd_mqtt_client.c:307:6:_nxd_mqtt_client_sub_unsub	56	static
../Middlewares/ST/netxduo/addons/mqtt/nxd_mqtt_client.c:544:13:_nxd_mqtt_packet_allocate	24	static
../Middlewares/ST/netxduo/addons/mqtt/nxd_mqtt_client.c:623:13:_nxd_mqtt_tcp_establish_notify	24	static
../Middlewares/ST/netxduo/addons/mqtt/nxd_mqtt_client.c:686:13:_nxd_mqtt_receive_callback	24	static
../Middlewares/ST/netxduo/addons/mqtt/nxd_mqtt_client.c:758:13:_nxd_mqtt_copy_transmit_packet	32	static
../Middlewares/ST/netxduo/addons/mqtt/nxd_mqtt_client.c:851:13:_nxd_mqtt_release_transmit_packet	24	static
../Middlewares/ST/netxduo/addons/mqtt/nxd_mqtt_client.c:922:13:_nxd_mqtt_release_receive_packet	24	static
../Middlewares/ST/netxduo/addons/mqtt/nxd_mqtt_client.c:990:13:_nxd_mqtt_process_connack	32	static
../Middlewares/ST/netxduo/addons/mqtt/nxd_mqtt_client.c:1130:6:_nxd_mqtt_process_publish_packet	56	static
../Middlewares/ST/netxduo/addons/mqtt/nxd_mqtt_client.c:1242:13:_nxd_mqtt_process_publish	80	static
../Middlewares/ST/netxduo/addons/mqtt/nxd_mqtt_client.c:1503:13:_nxd_mqtt_process_publish_response	64	static
../Middlewares/ST/netxduo/addons/mqtt/nxd_mqtt_client.c:1700:13:_nxd_mqtt_process_sub_unsub_ack	64	static
../Middlewares/ST/netxduo/addons/mqtt/nxd_mqtt_client.c:1842:13:_nxd_mqtt_process_pingresp	16	static
../Middlewares/ST/netxduo/addons/mqtt/nxd_mqtt_client.c:1903:13:_nxd_mqtt_process_disconnect	40	static
../Middlewares/ST/netxduo/addons/mqtt/nxd_mqtt_client.c:2054:13:_nxd_mqtt_packet_receive_process	64	static
../Middlewares/ST/netxduo/addons/mqtt/nxd_mqtt_client.c:2325:13:_nxd_mqtt_tcp_establish_process	24	static
../Middlewares/ST/netxduo/addons/mqtt/nxd_mqtt_client.c:2421:13:_nxd_mqtt_tls_establish_process	24	static
../Middlewares/ST/netxduo/addons/mqtt/nxd_mqtt_client.c:2516:6:_nxd_mqtt_client_append_message	40	static
../Middlewares/ST/netxduo/addons/mqtt/nxd_mqtt_client.c:2588:6:_nxd_mqtt_client_connection_end	16	static
../Middlewares/ST/netxduo/addons/mqtt/nxd_mqtt_client.c:2666:13:_nxd_mqtt_periodic_timer_entry	32	static
../Middlewares/ST/netxduo/addons/mqtt/nxd_mqtt_client.c:2756:13:_nxd_mqtt_client_event_process	32	static
../Middlewares/ST/netxduo/addons/mqtt/nxd_mqtt_client.c:2900:13:_nxd_mqtt_thread_entry	32	static
../Middlewares/ST/netxduo/addons/mqtt/nxd_mqtt_client.c:2968:13:_mqtt_client_disconnect_callback	24	static
../Middlewares/ST/netxduo/addons/mqtt/nxd_mqtt_client.c:3036:6:_nxd_mqtt_client_create	56	static
../Middlewares/ST/netxduo/addons/mqtt/nxd_mqtt_client.c:3165:13:_nxd_mqtt_client_create_internal	64	static
../Middlewares/ST/netxduo/addons/mqtt/nxd_mqtt_client.c:3315:6:_nxd_mqtt_client_login_set	32	static
../Middlewares/ST/netxduo/addons/mqtt/nxd_mqtt_client.c:3392:6:_nxd_mqtt_client_will_message_set	32	static
../Middlewares/ST/netxduo/addons/mqtt/nxd_mqtt_client.c:3481:6:_nxde_mqtt_client_will_message_set	40	static
../Middlewares/ST/netxduo/addons/mqtt/nxd_mqtt_client.c:3559:6:_nxde_mqtt_client_login_set	32	static
../Middlewares/ST/netxduo/addons/mqtt/nxd_mqtt_client.c:3627:13:_nxd_mqtt_client_retransmit_message	40	static
../Middlewares/ST/netxduo/addons/mqtt/nxd_mqtt_client.c:3773:6:_nxd_mqtt_client_connect	80	static
../Middlewares/ST/netxduo/addons/mqtt/nxd_mqtt_client.c:4095:6:_nxd_mqtt_client_connect_packet_send	56	static
../Middlewares/ST/netxduo/addons/mqtt/nxd_mqtt_client.c:4353:6:_nxd_mqtt_client_secure_connect	48	static
../Middlewares/ST/netxduo/addons/mqtt/nxd_mqtt_client.c:4425:6:_nxd_mqtt_client_delete	16	static
../Middlewares/ST/netxduo/addons/mqtt/nxd_mqtt_client.c:4511:6:_nxd_mqtt_client_publish_packet_send	48	static
../Middlewares/ST/netxduo/addons/mqtt/nxd_mqtt_client.c:4652:6:_nxd_mqtt_client_publish	56	static
../Middlewares/ST/netxduo/addons/mqtt/nxd_mqtt_client.c:4855:6:_nxd_mqtt_client_subscribe	32	static
../Middlewares/ST/netxduo/addons/mqtt/nxd_mqtt_client.c:4917:6:_nxd_mqtt_client_unsubscribe	32	static
../Middlewares/ST/netxduo/addons/mqtt/nxd_mqtt_client.c:4972:13:_nxd_mqtt_send_simple_message	32	static
../Middlewares/ST/netxduo/addons/mqtt/nxd_mqtt_client.c:5093:6:_nxd_mqtt_client_disconnect	24	static
../Middlewares/ST/netxduo/addons/mqtt/nxd_mqtt_client.c:5170:6:_nxd_mqtt_client_receive_notify_set	16	static
../Middlewares/ST/netxduo/addons/mqtt/nxd_mqtt_client.c:5239:6:_nxd_mqtt_client_message_get	56	static
../Middlewares/ST/netxduo/addons/mqtt/nxd_mqtt_client.c:5344:6:_nxde_mqtt_client_create	56	static
../Middlewares/ST/netxduo/addons/mqtt/nxd_mqtt_client.c:5413:6:_nxde_mqtt_client_connect	40	static
../Middlewares/ST/netxduo/addons/mqtt/nxd_mqtt_client.c:5498:6:_nxde_mqtt_client_secure_connect	48	static
../Middlewares/ST/netxduo/addons/mqtt/nxd_mqtt_client.c:5570:6:_nxde_mqtt_client_delete	24	static
../Middlewares/ST/netxduo/addons/mqtt/nxd_mqtt_client.c:5636:6:_nxde_mqtt_client_publish	40	static
../Middlewares/ST/netxduo/addons/mqtt/nxd_mqtt_client.c:5716:6:_nxde_mqtt_client_subscribe	24	static
../Middlewares/ST/netxduo/addons/mqtt/nxd_mqtt_client.c:5787:6:_nxde_mqtt_client_unsubscribe	24	static
../Middlewares/ST/netxduo/addons/mqtt/nxd_mqtt_client.c:5846:6:_nxde_mqtt_client_disconnect	16	static
../Middlewares/ST/netxduo/addons/mqtt/nxd_mqtt_client.c:5909:6:_nxde_mqtt_client_message_get	40	static
../Middlewares/ST/netxduo/addons/mqtt/nxd_mqtt_client.c:5978:6:_nxde_mqtt_client_receive_notify_set	16	static
../Middlewares/ST/netxduo/addons/mqtt/nxd_mqtt_client.c:6040:6:_nxd_mqtt_client_disconnect_notify_set	16	static
../Middlewares/ST/netxduo/addons/mqtt/nxd_mqtt_client.c:6092:6:_nxde_mqtt_client_disconnect_notify_set	16	static
