../Middlewares/ST/netxduo/addons/sntp/nxd_sntp_client.c:131:7:_nxe_sntp_client_create	48	static
../Middlewares/ST/netxduo/addons/sntp/nxd_sntp_client.c:221:7:_nx_sntp_client_create	64	static
../Middlewares/ST/netxduo/addons/sntp/nxd_sntp_client.c:422:7:_nxe_sntp_client_delete	24	static,ignoring_inline_asm
../Middlewares/ST/netxduo/addons/sntp/nxd_sntp_client.c:494:7:_nx_sntp_client_delete	16	static
../Middlewares/ST/netxduo/addons/sntp/nxd_sntp_client.c:569:7:_nx_sntp_client_update_timeout_entry	24	static
../Middlewares/ST/netxduo/addons/sntp/nxd_sntp_client.c:655:7:_nx_sntp_client_create_time_request_packet	24	static
../Middlewares/ST/netxduo/addons/sntp/nxd_sntp_client.c:736:7:_nxde_sntp_client_initialize_unicast	24	static,ignoring_inline_asm
../Middlewares/ST/netxduo/addons/sntp/nxd_sntp_client.c:807:7:_nxd_sntp_client_initialize_unicast	16	static
../Middlewares/ST/netxduo/addons/sntp/nxd_sntp_client.c:894:7:_nxe_sntp_client_initialize_unicast	24	static,ignoring_inline_asm
../Middlewares/ST/netxduo/addons/sntp/nxd_sntp_client.c:973:7:_nx_sntp_client_initialize_unicast	32	static
../Middlewares/ST/netxduo/addons/sntp/nxd_sntp_client.c:1036:7:_nxe_sntp_client_run_unicast	24	static,ignoring_inline_asm
../Middlewares/ST/netxduo/addons/sntp/nxd_sntp_client.c:1105:7:_nx_sntp_client_run_unicast	24	static
../Middlewares/ST/netxduo/addons/sntp/nxd_sntp_client.c:1278:7:_nx_sntp_client_process_unicast	32	static
../Middlewares/ST/netxduo/addons/sntp/nxd_sntp_client.c:1417:7:_nxde_sntp_client_initialize_broadcast	32	static,ignoring_inline_asm
../Middlewares/ST/netxduo/addons/sntp/nxd_sntp_client.c:1497:7:_nxd_sntp_client_initialize_broadcast	24	static
../Middlewares/ST/netxduo/addons/sntp/nxd_sntp_client.c:1609:7:_nxe_sntp_client_initialize_broadcast	32	static,ignoring_inline_asm
../Middlewares/ST/netxduo/addons/sntp/nxd_sntp_client.c:1692:7:_nx_sntp_client_initialize_broadcast	40	static
../Middlewares/ST/netxduo/addons/sntp/nxd_sntp_client.c:1771:7:_nxe_sntp_client_stop	24	static
../Middlewares/ST/netxduo/addons/sntp/nxd_sntp_client.c:1836:7:_nx_sntp_client_stop	24	static
../Middlewares/ST/netxduo/addons/sntp/nxd_sntp_client.c:1953:7:_nxe_sntp_client_run_broadcast	24	static,ignoring_inline_asm
../Middlewares/ST/netxduo/addons/sntp/nxd_sntp_client.c:2023:7:_nx_sntp_client_run_broadcast	24	static
../Middlewares/ST/netxduo/addons/sntp/nxd_sntp_client.c:2168:6:_nx_sntp_client_process_broadcast	32	static
../Middlewares/ST/netxduo/addons/sntp/nxd_sntp_client.c:2286:7:_nx_sntp_client_send_unicast_request	40	static
../Middlewares/ST/netxduo/addons/sntp/nxd_sntp_client.c:2485:7:_nx_sntp_client_receive_time_update	64	static
../Middlewares/ST/netxduo/addons/sntp/nxd_sntp_client.c:2769:7:_nx_sntp_client_extract_time_message_from_packet	24	static
../Middlewares/ST/netxduo/addons/sntp/nxd_sntp_client.c:2935:7:_nx_sntp_client_reset_current_time_message	16	static
../Middlewares/ST/netxduo/addons/sntp/nxd_sntp_client.c:3007:7:_nx_sntp_client_process_update_packet	24	static
../Middlewares/ST/netxduo/addons/sntp/nxd_sntp_client.c:3113:7:_nx_sntp_client_duplicate_update_check	24	static
../Middlewares/ST/netxduo/addons/sntp/nxd_sntp_client.c:3193:7:_nx_sntp_client_apply_sanity_checks	56	static
../Middlewares/ST/netxduo/addons/sntp/nxd_sntp_client.c:3456:7:_nx_sntp_client_check_server_clock_dispersion	32	static
../Middlewares/ST/netxduo/addons/sntp/nxd_sntp_client.c:3566:7:_nx_sntp_client_thread_entry	32	static
../Middlewares/ST/netxduo/addons/sntp/nxd_sntp_client.c:3657:7:_nx_sntp_client_receive_notify	16	static
../Middlewares/ST/netxduo/addons/sntp/nxd_sntp_client.c:3712:7:_nx_sntp_client_process	16	static
../Middlewares/ST/netxduo/addons/sntp/nxd_sntp_client.c:3786:7:_nx_sntp_client_process_time_data	48	static
../Middlewares/ST/netxduo/addons/sntp/nxd_sntp_client.c:3927:7:_nx_sntp_client_calculate_roundtrip	24	static
../Middlewares/ST/netxduo/addons/sntp/nxd_sntp_client.c:4001:7:_nxe_sntp_client_get_local_time	32	static,ignoring_inline_asm
../Middlewares/ST/netxduo/addons/sntp/nxd_sntp_client.c:4072:7:_nx_sntp_client_get_local_time	40	static
../Middlewares/ST/netxduo/addons/sntp/nxd_sntp_client.c:4127:7:_nxe_sntp_client_get_local_time_extended	40	static,ignoring_inline_asm
../Middlewares/ST/netxduo/addons/sntp/nxd_sntp_client.c:4204:7:_nx_sntp_client_get_local_time_extended	40	static
../Middlewares/ST/netxduo/addons/sntp/nxd_sntp_client.c:4323:7:_nx_sntp_client_utility_convert_time_to_UCHAR	32	static
../Middlewares/ST/netxduo/addons/sntp/nxd_sntp_client.c:4421:6:_nx_sntp_client_utility_convert_seconds_to_date	64	static
../Middlewares/ST/netxduo/addons/sntp/nxd_sntp_client.c:4676:6:_nxe_sntp_client_utility_display_date_time	32	static
../Middlewares/ST/netxduo/addons/sntp/nxd_sntp_client.c:4745:6:_nxe_sntp_client_request_unicast_time	24	static
../Middlewares/ST/netxduo/addons/sntp/nxd_sntp_client.c:4808:6:_nx_sntp_client_request_unicast_time	24	static
../Middlewares/ST/netxduo/addons/sntp/nxd_sntp_client.c:4898:6:_nx_sntp_client_utility_display_date_time	128	static
../Middlewares/ST/netxduo/addons/sntp/nxd_sntp_client.c:5053:7:_nx_sntp_client_utility_add_msecs_to_ntp_time	32	static
../Middlewares/ST/netxduo/addons/sntp/nxd_sntp_client.c:5176:6:_nxe_sntp_client_receiving_updates	24	static
../Middlewares/ST/netxduo/addons/sntp/nxd_sntp_client.c:5244:6:_nx_sntp_client_receiving_updates	16	static
../Middlewares/ST/netxduo/addons/sntp/nxd_sntp_client.c:5306:7:_nxe_sntp_client_set_local_time	32	static
../Middlewares/ST/netxduo/addons/sntp/nxd_sntp_client.c:5384:7:_nx_sntp_client_set_local_time	24	static
../Middlewares/ST/netxduo/addons/sntp/nxd_sntp_client.c:5440:9:_nxe_sntp_client_set_time_update_notify	24	static
../Middlewares/ST/netxduo/addons/sntp/nxd_sntp_client.c:5499:9:_nx_sntp_client_set_time_update_notify	16	static
../Middlewares/ST/netxduo/addons/sntp/nxd_sntp_client.c:5575:7:_nx_sntp_client_utility_get_msec_diff	48	static
../Middlewares/ST/netxduo/addons/sntp/nxd_sntp_client.c:5733:6:_nx_sntp_client_utility_is_zero_data	24	static
../Middlewares/ST/netxduo/addons/sntp/nxd_sntp_client.c:5804:7:_nx_sntp_client_utility_convert_fraction_to_msecs	24	static
../Middlewares/ST/netxduo/addons/sntp/nxd_sntp_client.c:5871:9:_nxe_sntp_client_utility_usecs_to_fraction	24	static
../Middlewares/ST/netxduo/addons/sntp/nxd_sntp_client.c:5935:7:_nx_sntp_client_utility_usecs_to_fraction	24	static
../Middlewares/ST/netxduo/addons/sntp/nxd_sntp_client.c:5994:9:_nxe_sntp_client_utility_msecs_to_fraction	24	static
../Middlewares/ST/netxduo/addons/sntp/nxd_sntp_client.c:6060:7:_nx_sntp_client_utility_msecs_to_fraction	24	static
../Middlewares/ST/netxduo/addons/sntp/nxd_sntp_client.c:6136:9:_nxe_sntp_client_utility_fraction_to_usecs	24	static
../Middlewares/ST/netxduo/addons/sntp/nxd_sntp_client.c:6198:7:_nx_sntp_client_utility_fraction_to_usecs	32	static
../Middlewares/ST/netxduo/addons/sntp/nxd_sntp_client.c:6265:7:_nx_sntp_client_utility_convert_refID_KOD_code	16	static
../Middlewares/ST/netxduo/addons/sntp/nxd_sntp_client.c:6384:7:_nx_sntp_client_utility_addition_overflow_check	32	static
