../Core/Src/ExternalHardware/mx_wifi/io_pattern/mx_wifi_spi.c:161:6:HAL_SPI_TxRxCpltCallback	16	static
../Core/Src/ExternalHardware/mx_wifi/io_pattern/mx_wifi_spi.c:166:6:HAL_SPI_TxCpltCallback	16	static
../Core/Src/ExternalHardware/mx_wifi/io_pattern/mx_wifi_spi.c:171:6:HAL_SPI_RxCpltCallback	16	static
../Core/Src/ExternalHardware/mx_wifi/io_pattern/mx_wifi_spi.c:176:13:MX_WIFI_IO_DELAY	16	static
../Core/Src/ExternalHardware/mx_wifi/io_pattern/mx_wifi_spi.c:187:15:MX_WIFI_SPI_Init	24	static
../Core/Src/ExternalHardware/mx_wifi/io_pattern/mx_wifi_spi.c:207:15:MX_WIFI_SPI_DeInit	8	static
../Core/Src/ExternalHardware/mx_wifi/io_pattern/mx_wifi_spi.c:214:6:HAL_SPI_TransferCallback	16	static
../Core/Src/ExternalHardware/mx_wifi/io_pattern/mx_wifi_spi.c:220:6:HAL_SPI_ErrorCallback	16	static
../Core/Src/ExternalHardware/mx_wifi/io_pattern/mx_wifi_spi.c:231:6:mxchip_WIFI_ISR	16	static
../Core/Src/ExternalHardware/mx_wifi/io_pattern/mx_wifi_spi.c:244:15:wait_flow_high	24	static
../Core/Src/ExternalHardware/mx_wifi/io_pattern/mx_wifi_spi.c:260:17:MX_WIFI_SPI_Write	16	static
../Core/Src/ExternalHardware/mx_wifi/io_pattern/mx_wifi_spi.c:280:17:MX_WIFI_SPI_Read	16	static
../Core/Src/ExternalHardware/mx_wifi/io_pattern/mx_wifi_spi.c:288:16:TransmitReceive	32	static
../Core/Src/ExternalHardware/mx_wifi/io_pattern/mx_wifi_spi.c:300:16:Transmit	32	static
../Core/Src/ExternalHardware/mx_wifi/io_pattern/mx_wifi_spi.c:310:16:Receive	32	static
../Core/Src/ExternalHardware/mx_wifi/io_pattern/mx_wifi_spi.c:348:6:process_txrx_poll	56	static
../Core/Src/ExternalHardware/mx_wifi/io_pattern/mx_wifi_spi.c:519:13:mx_wifi_spi_txrx_task	16	static
../Core/Src/ExternalHardware/mx_wifi/io_pattern/mx_wifi_spi.c:528:15:mx_wifi_spi_txrx_start	24	static
../Core/Src/ExternalHardware/mx_wifi/io_pattern/mx_wifi_spi.c:545:15:mx_wifi_spi_txrx_stop	8	static
../Core/Src/ExternalHardware/mx_wifi/io_pattern/mx_wifi_spi.c:559:9:mxwifi_probe	24	static
../Core/Src/ExternalHardware/mx_wifi/io_pattern/mx_wifi_spi.c:576:18:wifi_obj_get	4	static
