../Core/Src/app_threadx.c:116:6:App_ThreadX_Init	64	static
../Core/Src/app_threadx.c:357:6:MX_ThreadX_Init	8	static
../Core/Src/app_threadx.c:379:6:ReadTemperatureThread	32	static
../Core/Src/app_threadx.c:420:6:ReadHumidityThread	32	static
../Core/Src/app_threadx.c:462:6:ReadPressureThread	32	static
../Core/Src/app_threadx.c:504:6:ReadMagneticThread	40	static
../Core/Src/app_threadx.c:551:6:ReadMotionThread	48	static
../Core/Src/app_threadx.c:592:6:TIM7_ResumeMotionThread	8	static
../Core/Src/app_threadx.c:607:6:ReadLightThread	32	static
../Core/Src/app_threadx.c:636:6:RedLEDToggleThread	16	static
../Core/Src/app_threadx.c:651:6:GreenLEDToggleThread	16	static
../Core/Src/app_threadx.c:674:6:CaptureFrameThread	24	static
../Core/Src/app_threadx.c:704:6:HAL_DCMI_FrameEventCallback	16	static
../Core/Src/app_threadx.c:728:6:HAL_DCACHE_CleanAndInvalidateByAddrCallback	16	static
../Core/Src/app_threadx.c:747:13:DataSendNotify	16	static
