../Core/Src/app_threadx.c:118:6:App_ThreadX_Init	64	static
../Core/Src/app_threadx.c:368:6:MX_ThreadX_Init	8	static
../Core/Src/app_threadx.c:383:6:ReadTemperatureThread	32	static
../Core/Src/app_threadx.c:419:6:ReadHumidityThread	32	static
../Core/Src/app_threadx.c:455:6:ReadPressureThread	32	static
../Core/Src/app_threadx.c:490:6:ReadMagneticThread	40	static
../Core/Src/app_threadx.c:533:6:ReadMotionThread	48	static
../Core/Src/app_threadx.c:566:6:TIM7_ResumeMotionThread	8	static
../Core/Src/app_threadx.c:574:6:ReadLightThread	32	static
../Core/Src/app_threadx.c:597:6:RedLEDToggleThread	16	static
../Core/Src/app_threadx.c:606:6:GreenLEDToggleThread	16	static
../Core/Src/app_threadx.c:616:6:CaptureFrameThread	24	static
../Core/Src/app_threadx.c:666:6:HAL_DCMI_FrameEventCallback	16	static
../Core/Src/app_threadx.c:681:6:HAL_DCACHE_CleanAndInvalidateByAddrCallback	16	static
../Core/Src/app_threadx.c:693:13:DataSendNotify	16	static
