../Core/Src/app_threadx.c:110:6:App_ThreadX_Init	64	static
../Core/Src/app_threadx.c:303:6:MX_ThreadX_Init	8	static
../Core/Src/app_threadx.c:318:6:ReadTemperatureThread	32	static
../Core/Src/app_threadx.c:348:6:ReadHumidityThread	32	static
../Core/Src/app_threadx.c:378:6:ReadPressureThread	32	static
../Core/Src/app_threadx.c:407:6:ReadMagneticThread	40	static
../Core/Src/app_threadx.c:440:6:ReadMotionThread	48	static
../Core/Src/app_threadx.c:473:6:TIM7_ResumeMotionThread	8	static
../Core/Src/app_threadx.c:481:6:ReadLightThread	24	static
../Core/Src/app_threadx.c:498:6:RedLEDToggleThread	16	static
../Core/Src/app_threadx.c:507:6:GreenLEDToggleThread	16	static
../Core/Src/app_threadx.c:516:6:CaptureFrameThread	16	static
../Core/Src/app_threadx.c:535:6:SendFrameThread	16	static
../Core/Src/app_threadx.c:563:6:HAL_DCMI_FrameEventCallback	16	static
../Core/Src/app_threadx.c:578:6:HAL_DCACHE_CleanAndInvalidateByAddrCallback	16	static
