../Core/Src/app_threadx.c:119:6:App_ThreadX_Init	64	static
../Core/Src/app_threadx.c:366:6:MX_ThreadX_Init	8	static
../Core/Src/app_threadx.c:381:6:ReadTemperatureThread	32	static
../Core/Src/app_threadx.c:417:6:ReadHumidityThread	32	static
../Core/Src/app_threadx.c:453:6:ReadPressureThread	32	static
../Core/Src/app_threadx.c:488:6:ReadMagneticThread	40	static
../Core/Src/app_threadx.c:531:6:ReadMotionThread	48	static
../Core/Src/app_threadx.c:564:6:TIM7_ResumeMotionThread	8	static
../Core/Src/app_threadx.c:572:6:ReadLightThread	32	static
../Core/Src/app_threadx.c:595:6:RedLEDToggleThread	16	static
../Core/Src/app_threadx.c:604:6:GreenLEDToggleThread	16	static
../Core/Src/app_threadx.c:613:6:CaptureFrameThread	16	static
../Core/Src/app_threadx.c:634:6:SendFrameThread	16	static
../Core/Src/app_threadx.c:662:6:HAL_DCMI_FrameEventCallback	16	static
../Core/Src/app_threadx.c:678:6:HAL_DCACHE_CleanAndInvalidateByAddrCallback	24	static
../Core/Src/app_threadx.c:699:13:DataSendNotify	16	static
