../Core/Src/app_threadx.c:99:6:App_ThreadX_Init	64	static
../Core/Src/app_threadx.c:253:6:MX_ThreadX_Init	8	static
../Core/Src/app_threadx.c:268:6:ReadTemperatureThread	32	static
../Core/Src/app_threadx.c:298:6:ReadHumidityThread	32	static
../Core/Src/app_threadx.c:328:6:ReadPressureThread	32	static
../Core/Src/app_threadx.c:357:6:ReadMagneticThread	40	static
../Core/Src/app_threadx.c:390:6:ReadMotionThread	48	static
../Core/Src/app_threadx.c:423:6:ReadLightThread	24	static
../Core/Src/app_threadx.c:440:6:RedLEDToggleThread	16	static
../Core/Src/app_threadx.c:449:6:GreenLEDToggleThread	16	static
../Core/Src/app_threadx.c:459:6:TIM7_ResumeMotionThread	8	static
