../Core/Src/app_threadx.c:116:6:App_ThreadX_Init	64	static
../Core/Src/app_threadx.c:344:6:MX_ThreadX_Init	8	static
../Core/Src/app_threadx.c:359:6:ReadTemperatureThread	32	static
../Core/Src/app_threadx.c:391:6:ReadHumidityThread	32	static
../Core/Src/app_threadx.c:423:6:ReadPressureThread	32	static
../Core/Src/app_threadx.c:454:6:ReadMagneticThread	40	static
../Core/Src/app_threadx.c:491:6:ReadMotionThread	48	static
../Core/Src/app_threadx.c:524:6:TIM7_ResumeMotionThread	8	static
../Core/Src/app_threadx.c:532:6:ReadLightThread	24	static
../Core/Src/app_threadx.c:551:6:RedLEDToggleThread	16	static
../Core/Src/app_threadx.c:560:6:GreenLEDToggleThread	16	static
../Core/Src/app_threadx.c:569:6:CaptureFrameThread	16	static
../Core/Src/app_threadx.c:590:6:SendFrameThread	16	static
../Core/Src/app_threadx.c:618:6:HAL_DCMI_FrameEventCallback	16	static
../Core/Src/app_threadx.c:634:6:HAL_DCACHE_CleanAndInvalidateByAddrCallback	16	static
../Core/Src/app_threadx.c:647:13:DataSendNotify	16	static
