../Core/Src/app_threadx.c:118:6:App_ThreadX_Init	64	static
../Core/Src/app_threadx.c:358:6:MX_ThreadX_Init	8	static
../Core/Src/app_threadx.c:373:6:ReadTemperatureThread	32	static
../Core/Src/app_threadx.c:409:6:ReadHumidityThread	32	static
../Core/Src/app_threadx.c:445:6:ReadPressureThread	32	static
../Core/Src/app_threadx.c:480:6:ReadMagneticThread	40	static
../Core/Src/app_threadx.c:523:6:ReadMotionThread	48	static
../Core/Src/app_threadx.c:556:6:TIM7_ResumeMotionThread	8	static
../Core/Src/app_threadx.c:564:6:ReadLightThread	32	static
../Core/Src/app_threadx.c:587:6:RedLEDToggleThread	16	static
../Core/Src/app_threadx.c:596:6:GreenLEDToggleThread	16	static
../Core/Src/app_threadx.c:605:6:CaptureFrameThread	16	static
../Core/Src/app_threadx.c:626:6:SendFrameThread	16	static
../Core/Src/app_threadx.c:654:6:HAL_DCMI_FrameEventCallback	16	static
../Core/Src/app_threadx.c:670:6:HAL_DCACHE_CleanAndInvalidateByAddrCallback	16	static
../Core/Src/app_threadx.c:683:13:DataSendNotify	16	static
