../Core/Src/app_threadx.c:118:6:App_ThreadX_Init	64	static
../Core/Src/app_threadx.c:327:6:MX_ThreadX_Init	8	static
../Core/Src/app_threadx.c:342:6:ReadTemperatureThread	32	static
../Core/Src/app_threadx.c:373:6:ReadHumidityThread	32	static
../Core/Src/app_threadx.c:404:6:ReadPressureThread	32	static
../Core/Src/app_threadx.c:434:6:ReadMagneticThread	40	static
../Core/Src/app_threadx.c:471:6:ReadMotionThread	48	static
../Core/Src/app_threadx.c:504:6:TIM7_ResumeMotionThread	8	static
../Core/Src/app_threadx.c:512:6:ReadLightThread	24	static
../Core/Src/app_threadx.c:530:6:RedLEDToggleThread	16	static
../Core/Src/app_threadx.c:539:6:GreenLEDToggleThread	16	static
../Core/Src/app_threadx.c:548:6:CaptureFrameThread	16	static
../Core/Src/app_threadx.c:569:6:SendFrameThread	16	static
../Core/Src/app_threadx.c:597:6:HAL_DCMI_FrameEventCallback	16	static
../Core/Src/app_threadx.c:613:6:HAL_DCACHE_CleanAndInvalidateByAddrCallback	16	static
../Core/Src/app_threadx.c:626:13:DataSendNotify	16	static
