../Core/Src/app_threadx.c:108:6:App_ThreadX_Init	64	static
../Core/Src/app_threadx.c:262:6:MX_ThreadX_Init	8	static
../Core/Src/app_threadx.c:277:6:ReadTemperatureThread	32	static
../Core/Src/app_threadx.c:307:6:ReadHumidityThread	32	static
../Core/Src/app_threadx.c:337:6:ReadPressureThread	32	static
../Core/Src/app_threadx.c:366:6:ReadMagneticThread	40	static
../Core/Src/app_threadx.c:399:6:ReadMotionThread	48	static
../Core/Src/app_threadx.c:432:6:ReadLightThread	24	static
../Core/Src/app_threadx.c:449:6:RedLEDToggleThread	16	static
../Core/Src/app_threadx.c:458:6:GreenLEDToggleThread	16	static
../Core/Src/app_threadx.c:468:6:TIM7_ResumeMotionThread	8	static
