../Core/Src/stm32u5xx_it.c:75:6:NMI_Handler	4	static
../Core/Src/stm32u5xx_it.c:90:6:HardFault_Handler	4	static
../Core/Src/stm32u5xx_it.c:105:6:MemManage_Handler	4	static
../Core/Src/stm32u5xx_it.c:120:6:BusFault_Handler	4	static
../Core/Src/stm32u5xx_it.c:135:6:UsageFault_Handler	4	static
../Core/Src/stm32u5xx_it.c:150:6:DebugMon_Handler	4	static
../Core/Src/stm32u5xx_it.c:170:6:EXTI14_IRQHandler	8	static
../Core/Src/stm32u5xx_it.c:184:6:EXTI15_IRQHandler	8	static
../Core/Src/stm32u5xx_it.c:198:6:TIM6_IRQHandler	8	static
../Core/Src/stm32u5xx_it.c:212:6:TIM7_IRQHandler	8	static
../Core/Src/stm32u5xx_it.c:226:6:GPDMA1_Channel12_IRQHandler	8	static
../Core/Src/stm32u5xx_it.c:240:6:DCACHE1_IRQHandler	8	static
../Core/Src/stm32u5xx_it.c:254:6:DCMI_PSSI_IRQHandler	8	static
