../Core/Src/stm32u5xx_it.c:72:6:NMI_Handler	4	static
../Core/Src/stm32u5xx_it.c:87:6:HardFault_Handler	4	static
../Core/Src/stm32u5xx_it.c:102:6:MemManage_Handler	4	static
../Core/Src/stm32u5xx_it.c:117:6:BusFault_Handler	4	static
../Core/Src/stm32u5xx_it.c:132:6:UsageFault_Handler	4	static
../Core/Src/stm32u5xx_it.c:147:6:DebugMon_Handler	4	static
../Core/Src/stm32u5xx_it.c:167:6:TIM6_IRQHandler	8	static
../Core/Src/stm32u5xx_it.c:181:6:GPDMA1_Channel12_IRQHandler	8	static
../Core/Src/stm32u5xx_it.c:199:6:DCMI_PSSI_IRQHandler	8	static
