../Drivers/STM32U5xx_HAL_Driver/Src/stm32u5xx_hal_cordic.c:201:19:HAL_CORDIC_Init	16	static
../Drivers/STM32U5xx_HAL_Driver/Src/stm32u5xx_hal_cordic.c:268:19:HAL_CORDIC_DeInit	16	static
../Drivers/STM32U5xx_HAL_Driver/Src/stm32u5xx_hal_cordic.c:325:13:HAL_CORDIC_MspInit	16	static
../Drivers/STM32U5xx_HAL_Driver/Src/stm32u5xx_hal_cordic.c:340:13:HAL_CORDIC_MspDeInit	16	static
../Drivers/STM32U5xx_HAL_Driver/Src/stm32u5xx_hal_cordic.c:558:19:HAL_CORDIC_Configure	24	static
../Drivers/STM32U5xx_HAL_Driver/Src/stm32u5xx_hal_cordic.c:605:19:HAL_CORDIC_Calculate	40	static
../Drivers/STM32U5xx_HAL_Driver/Src/stm32u5xx_hal_cordic.c:699:19:HAL_CORDIC_CalculateZO	40	static
../Drivers/STM32U5xx_HAL_Driver/Src/stm32u5xx_hal_cordic.c:792:19:HAL_CORDIC_Calculate_IT	32	static
../Drivers/STM32U5xx_HAL_Driver/Src/stm32u5xx_hal_cordic.c:884:19:HAL_CORDIC_Calculate_DMA	48	static
../Drivers/STM32U5xx_HAL_Driver/Src/stm32u5xx_hal_cordic.c:1116:13:HAL_CORDIC_ErrorCallback	16	static
../Drivers/STM32U5xx_HAL_Driver/Src/stm32u5xx_hal_cordic.c:1132:13:HAL_CORDIC_CalculateCpltCallback	16	static
../Drivers/STM32U5xx_HAL_Driver/Src/stm32u5xx_hal_cordic.c:1165:6:HAL_CORDIC_IRQHandler	16	static
../Drivers/STM32U5xx_HAL_Driver/Src/stm32u5xx_hal_cordic.c:1236:25:HAL_CORDIC_GetState	16	static
../Drivers/STM32U5xx_HAL_Driver/Src/stm32u5xx_hal_cordic.c:1249:10:HAL_CORDIC_GetError	16	static
../Drivers/STM32U5xx_HAL_Driver/Src/stm32u5xx_hal_cordic.c:1274:13:CORDIC_WriteInDataIncrementPtr	16	static
../Drivers/STM32U5xx_HAL_Driver/Src/stm32u5xx_hal_cordic.c:1300:13:CORDIC_ReadOutDataIncrementPtr	16	static
../Drivers/STM32U5xx_HAL_Driver/Src/stm32u5xx_hal_cordic.c:1324:13:CORDIC_DMAInCplt	24	static
../Drivers/STM32U5xx_HAL_Driver/Src/stm32u5xx_hal_cordic.c:1356:13:CORDIC_DMAOutCplt	24	static
../Drivers/STM32U5xx_HAL_Driver/Src/stm32u5xx_hal_cordic.c:1384:13:CORDIC_DMAError	24	static
