../Core/Src/ExternalHardware/HTS221.c:19:9:HTS221_Init	32	static
../Core/Src/ExternalHardware/HTS221.c:49:6:HTS221_DeInit	16	static
../Core/Src/ExternalHardware/HTS221.c:67:9:HTS221_StartConversion	24	static
../Core/Src/ExternalHardware/HTS221.c:80:9:HTS221_EnableHeater	24	static
../Core/Src/ExternalHardware/HTS221.c:95:9:HTS221_DisableHeater	24	static
../Core/Src/ExternalHardware/HTS221.c:109:9:HTS221_ResetRegisters	24	static
../Core/Src/ExternalHardware/HTS221.c:115:9:HTS221_PowerCycle	24	static
../Core/Src/ExternalHardware/HTS221.c:131:9:HTS221_ReadTemperature	32	static
../Core/Src/ExternalHardware/HTS221.c:159:9:HTS221_ReadHumidity	32	static
../Core/Src/ExternalHardware/HTS221.c:189:9:HTS221_PowerDown	24	static
../Core/Src/ExternalHardware/HTS221.c:203:9:HTS221_PowerUp	24	static
../Core/Src/ExternalHardware/HTS221.c:218:16:HTS221_ReadRegWrapper	32	static
../Core/Src/ExternalHardware/HTS221.c:224:16:HTS221_WriteRegWrapper	32	static
../Core/Src/ExternalHardware/HTS221.c:230:16:HTS221_RegisterInit	32	static
../Core/Src/ExternalHardware/HTS221.c:253:16:HTS221_CalculateTemperature	48	static
../Core/Src/ExternalHardware/HTS221.c:314:16:HTS221_CalculateHumidity	48	static
../Core/Src/ExternalHardware/HTS221.c:379:9:HTS221_GetSamplePeriod	16	static
