../Core/Src/ExternalHardware/IIS2MDC.c:28:9:IIS2MDC_Init	40	static
../Core/Src/ExternalHardware/IIS2MDC.c:74:9:IIS2MDC_DeInit	16	static
../Core/Src/ExternalHardware/IIS2MDC.c:101:9:IIS2MDC_ResetDevice	24	static
../Core/Src/ExternalHardware/IIS2MDC.c:130:9:IIS2MDC_SetOffsetMagnetismX	24	static
../Core/Src/ExternalHardware/IIS2MDC.c:147:9:IIS2MDC_GetOffsetMagnetismX	24	static
../Core/Src/ExternalHardware/IIS2MDC.c:163:9:IIS2MDC_SetOffsetMagnetismY	24	static
../Core/Src/ExternalHardware/IIS2MDC.c:180:9:IIS2MDC_GetOffsetMagnetismY	24	static
../Core/Src/ExternalHardware/IIS2MDC.c:196:9:IIS2MDC_SetOffsetMagnetismZ	24	static
../Core/Src/ExternalHardware/IIS2MDC.c:213:9:IIS2MDC_GetOffsetMagnetismZ	24	static
../Core/Src/ExternalHardware/IIS2MDC.c:229:9:IIS2MDC_StartConversion	24	static
../Core/Src/ExternalHardware/IIS2MDC.c:256:9:IIS2MDC_ReadMagnetismXYZ	40	static
../Core/Src/ExternalHardware/IIS2MDC.c:284:9:IIS2MDC_ReadMagnetismX	24	static
../Core/Src/ExternalHardware/IIS2MDC.c:310:9:IIS2MDC_ReadMagnetismY	24	static
../Core/Src/ExternalHardware/IIS2MDC.c:336:9:IIS2MDC_ReadMagnetismZ	24	static
../Core/Src/ExternalHardware/IIS2MDC.c:363:16:IIS2MDC_WriteRegWrapper	32	static
../Core/Src/ExternalHardware/IIS2MDC.c:373:16:IIS2MDC_ReadRegWrapper	32	static
../Core/Src/ExternalHardware/IIS2MDC.c:383:16:IIS2MDC_RegisterInit	24	static
../Core/Src/ExternalHardware/IIS2MDC.c:453:16:IIS2MDC_SWReset	32	static
../Core/Src/ExternalHardware/IIS2MDC.c:475:16:IIS2MDC_Reboot	40	static
../Core/Src/ExternalHardware/IIS2MDC.c:489:13:ConvertMagData	24	static
../Core/Src/ExternalHardware/IIS2MDC.c:495:13:DeConvertMagData	24	static
