../Core/Src/ExternalHardware/IIS2MDC.c:28:9:IIS2MDC_Init	40	static
../Core/Src/ExternalHardware/IIS2MDC.c:75:9:IIS2MDC_DeInit	16	static
../Core/Src/ExternalHardware/IIS2MDC.c:102:9:IIS2MDC_ResetDevice	24	static
../Core/Src/ExternalHardware/IIS2MDC.c:131:9:IIS2MDC_SetOffsetMagnetismX	24	static
../Core/Src/ExternalHardware/IIS2MDC.c:148:9:IIS2MDC_GetOffsetMagnetismX	24	static
../Core/Src/ExternalHardware/IIS2MDC.c:164:9:IIS2MDC_SetOffsetMagnetismY	24	static
../Core/Src/ExternalHardware/IIS2MDC.c:181:9:IIS2MDC_GetOffsetMagnetismY	24	static
../Core/Src/ExternalHardware/IIS2MDC.c:197:9:IIS2MDC_SetOffsetMagnetismZ	24	static
../Core/Src/ExternalHardware/IIS2MDC.c:214:9:IIS2MDC_GetOffsetMagnetismZ	24	static
../Core/Src/ExternalHardware/IIS2MDC.c:230:9:IIS2MDC_StartConversion	24	static
../Core/Src/ExternalHardware/IIS2MDC.c:257:9:IIS2MDC_ReadMagnetismXYZ	40	static
../Core/Src/ExternalHardware/IIS2MDC.c:285:9:IIS2MDC_ReadMagnetismX	24	static
../Core/Src/ExternalHardware/IIS2MDC.c:311:9:IIS2MDC_ReadMagnetismY	24	static
../Core/Src/ExternalHardware/IIS2MDC.c:337:9:IIS2MDC_ReadMagnetismZ	24	static
../Core/Src/ExternalHardware/IIS2MDC.c:364:16:IIS2MDC_WriteRegWrapper	32	static
../Core/Src/ExternalHardware/IIS2MDC.c:374:16:IIS2MDC_ReadRegWrapper	32	static
../Core/Src/ExternalHardware/IIS2MDC.c:384:16:IIS2MDC_RegisterInit	24	static
../Core/Src/ExternalHardware/IIS2MDC.c:454:16:IIS2MDC_SWReset	32	static
../Core/Src/ExternalHardware/IIS2MDC.c:476:16:IIS2MDC_Reboot	40	static
../Core/Src/ExternalHardware/IIS2MDC.c:490:13:ConvertMagData	24	static
../Core/Src/ExternalHardware/IIS2MDC.c:496:13:DeConvertMagData	24	static
../Core/Src/ExternalHardware/IIS2MDC.c:503:9:IIS2MDC_GetSamplePeriod	16	static
