../Core/Src/ExternalHardware/IIS2MDC.c:37:9:IIS2MDC_Init	40	static
../Core/Src/ExternalHardware/IIS2MDC.c:91:9:IIS2MDC_DeInit	16	static
../Core/Src/ExternalHardware/IIS2MDC.c:125:9:IIS2MDC_ResetDevice	24	static
../Core/Src/ExternalHardware/IIS2MDC.c:161:9:IIS2MDC_SetOffsetMagnetismX	24	static
../Core/Src/ExternalHardware/IIS2MDC.c:185:9:IIS2MDC_GetOffsetMagnetismX	24	static
../Core/Src/ExternalHardware/IIS2MDC.c:208:9:IIS2MDC_SetOffsetMagnetismY	24	static
../Core/Src/ExternalHardware/IIS2MDC.c:232:9:IIS2MDC_GetOffsetMagnetismY	24	static
../Core/Src/ExternalHardware/IIS2MDC.c:255:9:IIS2MDC_SetOffsetMagnetismZ	24	static
../Core/Src/ExternalHardware/IIS2MDC.c:279:9:IIS2MDC_GetOffsetMagnetismZ	24	static
../Core/Src/ExternalHardware/IIS2MDC.c:302:9:IIS2MDC_StartConversion	24	static
../Core/Src/ExternalHardware/IIS2MDC.c:336:9:IIS2MDC_ReadMagnetismXYZ	40	static
../Core/Src/ExternalHardware/IIS2MDC.c:371:9:IIS2MDC_ReadMagnetismX	24	static
../Core/Src/ExternalHardware/IIS2MDC.c:404:9:IIS2MDC_ReadMagnetismY	24	static
../Core/Src/ExternalHardware/IIS2MDC.c:437:9:IIS2MDC_ReadMagnetismZ	24	static
../Core/Src/ExternalHardware/IIS2MDC.c:470:16:IIS2MDC_WriteRegWrapper	32	static
../Core/Src/ExternalHardware/IIS2MDC.c:487:16:IIS2MDC_ReadRegWrapper	32	static
../Core/Src/ExternalHardware/IIS2MDC.c:504:16:IIS2MDC_RegisterInit	24	static
../Core/Src/ExternalHardware/IIS2MDC.c:581:16:IIS2MDC_SWReset	32	static
../Core/Src/ExternalHardware/IIS2MDC.c:610:16:IIS2MDC_Reboot	40	static
../Core/Src/ExternalHardware/IIS2MDC.c:631:13:ConvertMagData	24	static
../Core/Src/ExternalHardware/IIS2MDC.c:644:13:DeConvertMagData	24	static
../Core/Src/ExternalHardware/IIS2MDC.c:658:9:IIS2MDC_GetSamplePeriod	16	static
