../Core/Src/ExternalHardware/ISM330DHCX.c:27:9:ISM330DHCX_Init	64	static
../Core/Src/ExternalHardware/ISM330DHCX.c:77:6:ISM330DHCX_DeInit	16	static
../Core/Src/ExternalHardware/ISM330DHCX.c:102:9:ISM330DHCX_ResetDevice	72	static
../Core/Src/ExternalHardware/ISM330DHCX.c:108:9:ISM330DHCX_RegisterIOBus	24	static
../Core/Src/ExternalHardware/ISM330DHCX.c:120:9:ISM330DHCX_ReadAccel	40	static
../Core/Src/ExternalHardware/ISM330DHCX.c:154:9:ISM330DHCX_ReadGyro	40	static
../Core/Src/ExternalHardware/ISM330DHCX.c:188:9:ISM330DHCX_ReadTemp	24	static
../Core/Src/ExternalHardware/ISM330DHCX.c:217:9:ISM330DHCX_Reboot	24	static
../Core/Src/ExternalHardware/ISM330DHCX.c:255:9:ISM330DHCX_Reset	24	static
../Core/Src/ExternalHardware/ISM330DHCX.c:291:16:ISM330DHCX_ReadWrapper	32	static
../Core/Src/ExternalHardware/ISM330DHCX.c:301:16:ISM330DHCX_WriteWrapper	32	static
../Core/Src/ExternalHardware/ISM330DHCX.c:311:16:ISM330DHCX_RegisterInit	32	static
../Core/Src/ExternalHardware/ISM330DHCX.c:470:13:ConvertXLData	32	static
../Core/Src/ExternalHardware/ISM330DHCX.c:489:13:ConvertGData	32	static
../Core/Src/ExternalHardware/ISM330DHCX.c:515:13:ConvertTData	24	static
../Core/Src/ExternalHardware/ISM330DHCX.c:521:9:ISM330DHCX_GetAccelPeriod	16	static
../Core/Src/ExternalHardware/ISM330DHCX.c:567:9:ISM330DHCX_GetGyroPeriod	16	static
