../Core/Src/ExternalHardware/LPS22HH.c:23:9:LPS22HH_Init	40	static
../Core/Src/ExternalHardware/LPS22HH.c:60:9:LPS22HH_DeInit	16	static
../Core/Src/ExternalHardware/LPS22HH.c:86:9:LPS22HH_ResetDevice	24	static
../Core/Src/ExternalHardware/LPS22HH.c:110:9:LPS22HH_SetReferencePressure	24	static
../Core/Src/ExternalHardware/LPS22HH.c:126:9:LPS22HH_GetReferencePressure	24	static
../Core/Src/ExternalHardware/LPS22HH.c:147:9:LPS22HH_StartConversion	24	static
../Core/Src/ExternalHardware/LPS22HH.c:171:9:LPS22HH_ReadPressure	24	static
../Core/Src/ExternalHardware/LPS22HH.c:202:16:LPS22HH_SWReset	40	static
../Core/Src/ExternalHardware/LPS22HH.c:240:16:LPS22HH_Reboot	40	static
../Core/Src/ExternalHardware/LPS22HH.c:278:16:LPS22HH_WriteRegWrapper	32	static
../Core/Src/ExternalHardware/LPS22HH.c:288:16:LPS22HH_ReadRegWrapper	32	static
../Core/Src/ExternalHardware/LPS22HH.c:298:16:LPS22HH_RegisterInit	24	static
../Core/Src/ExternalHardware/LPS22HH.c:392:13:ConvertPressureData	24	static
../Core/Src/ExternalHardware/LPS22HH.c:407:9:LPS22HH_GetSamplePeriod	16	static
