../Core/Src/BoardSupportPackage/BSP_environment.c:30:9:BSP_TempHumSensorInit	56	static
../Core/Src/BoardSupportPackage/BSP_environment.c:60:9:BSP_ReadTemperature	16	static
../Core/Src/BoardSupportPackage/BSP_environment.c:72:9:BSP_ReadHumidity	16	static
../Core/Src/BoardSupportPackage/BSP_environment.c:84:9:BSP_EnableHeater	8	static
../Core/Src/BoardSupportPackage/BSP_environment.c:96:9:BSP_DisableHeater	8	static
../Core/Src/BoardSupportPackage/BSP_environment.c:108:9:BSP_PressureSensorInit	80	static
../Core/Src/BoardSupportPackage/BSP_environment.c:148:9:BSP_ReadPressure	24	static
../Core/Src/BoardSupportPackage/BSP_environment.c:161:9:BSP_MagnetometerInit	80	static
../Core/Src/BoardSupportPackage/BSP_environment.c:196:9:BSP_ReadMagnetometerXYZ	32	static
../Core/Src/BoardSupportPackage/BSP_environment.c:209:9:BSP_ReadMagnetometerX	24	static
../Core/Src/BoardSupportPackage/BSP_environment.c:222:9:BSP_ReadMagnetometerY	24	static
../Core/Src/BoardSupportPackage/BSP_environment.c:235:9:BSP_ReadMagnetometerZ	24	static
../Core/Src/BoardSupportPackage/BSP_environment.c:248:9:BSP_GetTempPeriod	24	static
../Core/Src/BoardSupportPackage/BSP_environment.c:261:9:BSP_GetMagneticPeriod	24	static
../Core/Src/BoardSupportPackage/BSP_environment.c:274:9:BSP_GetPressurePeriod	24	static
../Core/Src/BoardSupportPackage/BSP_environment.c:286:9:BSP_AmbientLightInit	40	static
../Core/Src/BoardSupportPackage/BSP_environment.c:313:9:BSP_ReadAmbientLight	24	static
