../Core/Src/BoardSupportPackage/BSP_IOBus.c:23:6:BSP_I2C1_Init	8	static
../Core/Src/BoardSupportPackage/BSP_IOBus.c:31:6:BSP_I2C1_DeInit	8	static
../Core/Src/BoardSupportPackage/BSP_IOBus.c:36:6:BSP_I2C2_Init	8	static
../Core/Src/BoardSupportPackage/BSP_IOBus.c:44:6:BSP_I2C2_DeInit	8	static
../Core/Src/BoardSupportPackage/BSP_IOBus.c:49:9:BSP_I2C1_WriteReg	48	static
../Core/Src/BoardSupportPackage/BSP_IOBus.c:54:9:BSP_I2C1_ReadReg	48	static
../Core/Src/BoardSupportPackage/BSP_IOBus.c:59:9:BSP_I2C1_WriteReg16	48	static
../Core/Src/BoardSupportPackage/BSP_IOBus.c:64:9:BSP_I2C1_ReadReg16	48	static
../Core/Src/BoardSupportPackage/BSP_IOBus.c:69:9:BSP_I2C2_WriteRegHTS221	40	static
../Core/Src/BoardSupportPackage/BSP_IOBus.c:74:9:BSP_I2C2_ReadRegHTS221	40	static
../Core/Src/BoardSupportPackage/BSP_IOBus.c:79:9:BSP_I2C2_ReadRegISM330DHCX	40	static
../Core/Src/BoardSupportPackage/BSP_IOBus.c:85:9:BSP_I2C2_WriteRegISM330DHCX	40	static
../Core/Src/BoardSupportPackage/BSP_IOBus.c:91:9:BSP_ReadPinISM330DHCX	8	static
../Core/Src/BoardSupportPackage/BSP_IOBus.c:96:6:BSP_ISM330DHCX_IO_Init	8	static
../Core/Src/BoardSupportPackage/BSP_IOBus.c:102:6:BSP_LPS22HH_IO_Init	8	static
../Core/Src/BoardSupportPackage/BSP_IOBus.c:108:9:BSP_I2C2_ReadRegLPS22HH	40	static
../Core/Src/BoardSupportPackage/BSP_IOBus.c:114:9:BSP_I2C2_WriteRegLPS22HH	40	static
../Core/Src/BoardSupportPackage/BSP_IOBus.c:129:9:BSP_ReadPinLPS22HH	8	static
../Core/Src/BoardSupportPackage/BSP_IOBus.c:134:6:BSP_IIS2MDC_IO_Init	8	static
../Core/Src/BoardSupportPackage/BSP_IOBus.c:140:9:BSP_I2C2_ReadRegIIS2MDC	40	static
../Core/Src/BoardSupportPackage/BSP_IOBus.c:150:9:BSP_I2C2_WriteRegIIS2MDC	40	static
../Core/Src/BoardSupportPackage/BSP_IOBus.c:160:9:BSP_ReadPinIIS2MDC	8	static
../Core/Src/BoardSupportPackage/BSP_IOBus.c:165:10:BSP_GetTick	8	static
