../Core/Src/BoardSupportPackage/BSP_IOBus.c:30:6:BSP_I2C1_Init	8	static
../Core/Src/BoardSupportPackage/BSP_IOBus.c:45:6:BSP_I2C1_DeInit	8	static
../Core/Src/BoardSupportPackage/BSP_IOBus.c:57:6:BSP_I2C2_Init	8	static
../Core/Src/BoardSupportPackage/BSP_IOBus.c:72:6:BSP_I2C2_DeInit	8	static
../Core/Src/BoardSupportPackage/BSP_IOBus.c:84:9:BSP_I2C1_WriteReg	48	static
../Core/Src/BoardSupportPackage/BSP_IOBus.c:96:9:BSP_I2C1_ReadReg	48	static
../Core/Src/BoardSupportPackage/BSP_IOBus.c:108:9:BSP_I2C1_WriteReg16	48	static
../Core/Src/BoardSupportPackage/BSP_IOBus.c:120:9:BSP_I2C1_ReadReg16	48	static
../Core/Src/BoardSupportPackage/BSP_IOBus.c:132:9:BSP_I2C2_WriteRegHTS221	40	static
../Core/Src/BoardSupportPackage/BSP_IOBus.c:144:9:BSP_I2C2_ReadRegHTS221	40	static
../Core/Src/BoardSupportPackage/BSP_IOBus.c:156:9:BSP_I2C2_ReadRegISM330DHCX	40	static
../Core/Src/BoardSupportPackage/BSP_IOBus.c:169:9:BSP_I2C2_WriteRegISM330DHCX	40	static
../Core/Src/BoardSupportPackage/BSP_IOBus.c:182:9:BSP_ReadPinISM330DHCX	8	static
../Core/Src/BoardSupportPackage/BSP_IOBus.c:194:6:BSP_ISM330DHCX_IO_Init	8	static
../Core/Src/BoardSupportPackage/BSP_IOBus.c:207:6:BSP_LPS22HH_IO_Init	8	static
../Core/Src/BoardSupportPackage/BSP_IOBus.c:220:9:BSP_I2C2_ReadRegLPS22HH	40	static
../Core/Src/BoardSupportPackage/BSP_IOBus.c:233:9:BSP_I2C2_WriteRegLPS22HH	40	static
../Core/Src/BoardSupportPackage/BSP_IOBus.c:255:9:BSP_ReadPinLPS22HH	8	static
../Core/Src/BoardSupportPackage/BSP_IOBus.c:267:6:BSP_IIS2MDC_IO_Init	8	static
../Core/Src/BoardSupportPackage/BSP_IOBus.c:280:9:BSP_I2C2_ReadRegIIS2MDC	40	static
../Core/Src/BoardSupportPackage/BSP_IOBus.c:297:9:BSP_I2C2_WriteRegIIS2MDC	40	static
../Core/Src/BoardSupportPackage/BSP_IOBus.c:314:9:BSP_ReadPinIIS2MDC	8	static
../Core/Src/BoardSupportPackage/BSP_IOBus.c:326:10:BSP_GetTick	8	static
../Core/Src/BoardSupportPackage/BSP_IOBus.c:338:9:BSP_I2C2_ReadRegVEML6030	40	static
../Core/Src/BoardSupportPackage/BSP_IOBus.c:355:9:BSP_I2C2_WriteRegVEML6030	40	static
