../Core/Src/BoardSupportPackage/BSP_IOBus.c:24:6:BSP_I2C1_Init	8	static
../Core/Src/BoardSupportPackage/BSP_IOBus.c:32:6:BSP_I2C1_DeInit	8	static
../Core/Src/BoardSupportPackage/BSP_IOBus.c:37:6:BSP_I2C2_Init	8	static
../Core/Src/BoardSupportPackage/BSP_IOBus.c:45:6:BSP_I2C2_DeInit	8	static
../Core/Src/BoardSupportPackage/BSP_IOBus.c:50:9:BSP_I2C1_WriteReg	48	static
../Core/Src/BoardSupportPackage/BSP_IOBus.c:55:9:BSP_I2C1_ReadReg	48	static
../Core/Src/BoardSupportPackage/BSP_IOBus.c:60:9:BSP_I2C1_WriteReg16	48	static
../Core/Src/BoardSupportPackage/BSP_IOBus.c:65:9:BSP_I2C1_ReadReg16	48	static
../Core/Src/BoardSupportPackage/BSP_IOBus.c:70:9:BSP_I2C2_WriteRegHTS221	40	static
../Core/Src/BoardSupportPackage/BSP_IOBus.c:75:9:BSP_I2C2_ReadRegHTS221	40	static
../Core/Src/BoardSupportPackage/BSP_IOBus.c:80:9:BSP_I2C2_ReadRegISM330DHCX	40	static
../Core/Src/BoardSupportPackage/BSP_IOBus.c:86:9:BSP_I2C2_WriteRegISM330DHCX	40	static
../Core/Src/BoardSupportPackage/BSP_IOBus.c:92:9:BSP_ReadPinISM330DHCX	8	static
../Core/Src/BoardSupportPackage/BSP_IOBus.c:97:6:BSP_ISM330DHCX_IO_Init	8	static
../Core/Src/BoardSupportPackage/BSP_IOBus.c:103:6:BSP_LPS22HH_IO_Init	8	static
../Core/Src/BoardSupportPackage/BSP_IOBus.c:109:9:BSP_I2C2_ReadRegLPS22HH	40	static
../Core/Src/BoardSupportPackage/BSP_IOBus.c:115:9:BSP_I2C2_WriteRegLPS22HH	40	static
../Core/Src/BoardSupportPackage/BSP_IOBus.c:130:9:BSP_ReadPinLPS22HH	8	static
../Core/Src/BoardSupportPackage/BSP_IOBus.c:135:6:BSP_IIS2MDC_IO_Init	8	static
../Core/Src/BoardSupportPackage/BSP_IOBus.c:141:9:BSP_I2C2_ReadRegIIS2MDC	40	static
../Core/Src/BoardSupportPackage/BSP_IOBus.c:151:9:BSP_I2C2_WriteRegIIS2MDC	40	static
../Core/Src/BoardSupportPackage/BSP_IOBus.c:161:9:BSP_ReadPinIIS2MDC	8	static
../Core/Src/BoardSupportPackage/BSP_IOBus.c:166:10:BSP_GetTick	8	static
../Core/Src/BoardSupportPackage/BSP_IOBus.c:171:9:BSP_I2C2_ReadRegVEML6030	40	static
../Core/Src/BoardSupportPackage/BSP_IOBus.c:181:9:BSP_I2C2_WriteRegVEML6030	40	static
