../Core/Src/BoardSupportPackage/BSP_environment.c:29:9:BSP_TempHumSensorInit	56	static
../Core/Src/BoardSupportPackage/BSP_environment.c:52:9:BSP_ReadTemperature	16	static
../Core/Src/BoardSupportPackage/BSP_environment.c:58:9:BSP_ReadHumidity	16	static
../Core/Src/BoardSupportPackage/BSP_environment.c:63:9:BSP_EnableHeater	8	static
../Core/Src/BoardSupportPackage/BSP_environment.c:68:9:BSP_DisableHeater	8	static
../Core/Src/BoardSupportPackage/BSP_environment.c:73:9:BSP_PressureSensorInit	80	static
../Core/Src/BoardSupportPackage/BSP_environment.c:106:9:BSP_ReadPressure	24	static
../Core/Src/BoardSupportPackage/BSP_environment.c:120:9:BSP_MagnetometerInit	80	static
../Core/Src/BoardSupportPackage/BSP_environment.c:148:9:BSP_ReadMagnetometerXYZ	32	static
../Core/Src/BoardSupportPackage/BSP_environment.c:154:9:BSP_ReadMagnetometerX	24	static
../Core/Src/BoardSupportPackage/BSP_environment.c:160:9:BSP_ReadMagnetometerY	24	static
../Core/Src/BoardSupportPackage/BSP_environment.c:166:9:BSP_ReadMagnetometerZ	24	static
../Core/Src/BoardSupportPackage/BSP_environment.c:172:9:BSP_GetTempPeriod	24	static
../Core/Src/BoardSupportPackage/BSP_environment.c:179:9:BSP_GetMagneticPeriod	24	static
../Core/Src/BoardSupportPackage/BSP_environment.c:185:9:BSP_GetPressurePeriod	24	static
../Core/Src/BoardSupportPackage/BSP_environment.c:190:9:BSP_AmbientLightInit	40	static
../Core/Src/BoardSupportPackage/BSP_environment.c:210:9:BSP_ReadAmbientLight	24	static
