../Core/Src/BoardSupportPackage/BSP_IOBus.c:21:6:BSP_I2C1_Init	8	static
../Core/Src/BoardSupportPackage/BSP_IOBus.c:29:6:BSP_I2C1_DeInit	8	static
../Core/Src/BoardSupportPackage/BSP_IOBus.c:34:6:BSP_I2C2_Init	8	static
../Core/Src/BoardSupportPackage/BSP_IOBus.c:42:6:BSP_I2C2_DeInit	8	static
../Core/Src/BoardSupportPackage/BSP_IOBus.c:47:9:BSP_I2C1_WriteReg	48	static
../Core/Src/BoardSupportPackage/BSP_IOBus.c:52:9:BSP_I2C1_ReadReg	48	static
../Core/Src/BoardSupportPackage/BSP_IOBus.c:57:9:BSP_I2C1_WriteReg16	48	static
../Core/Src/BoardSupportPackage/BSP_IOBus.c:62:9:BSP_I2C1_ReadReg16	48	static
../Core/Src/BoardSupportPackage/BSP_IOBus.c:67:9:BSP_I2C2_WriteRegHTS221	40	static
../Core/Src/BoardSupportPackage/BSP_IOBus.c:72:9:BSP_I2C2_ReadRegHTS221	40	static
../Core/Src/BoardSupportPackage/BSP_IOBus.c:77:9:BSP_I2C2_ReadRegISM330DHCX	40	static
../Core/Src/BoardSupportPackage/BSP_IOBus.c:83:9:BSP_I2C2_WriteRegISM330DHCX	40	static
../Core/Src/BoardSupportPackage/BSP_IOBus.c:89:9:BSP_ReadPinISM330DHCX	8	static
../Core/Src/BoardSupportPackage/BSP_IOBus.c:94:6:BSP_ISM330DHCX_IO_Init	8	static
../Core/Src/BoardSupportPackage/BSP_IOBus.c:100:10:BSP_GetTick	8	static
