../Core/Src/BoardSupportPackage/BSP_environment.c:26:9:BSP_TempHumSensorInit	56	static
../Core/Src/BoardSupportPackage/BSP_environment.c:49:9:BSP_ReadTemperature	16	static
../Core/Src/BoardSupportPackage/BSP_environment.c:55:9:BSP_ReadHumidity	16	static
../Core/Src/BoardSupportPackage/BSP_environment.c:60:9:BSP_EnableHeater	8	static
../Core/Src/BoardSupportPackage/BSP_environment.c:65:9:BSP_DisableHeater	8	static
../Core/Src/BoardSupportPackage/BSP_environment.c:70:9:BSP_PressureSensorInit	80	static
../Core/Src/BoardSupportPackage/BSP_environment.c:103:9:BSP_ReadPressure	24	static
../Core/Src/BoardSupportPackage/BSP_environment.c:117:9:BSP_MagnetometerInit	80	static
../Core/Src/BoardSupportPackage/BSP_environment.c:145:9:BSP_ReadMagnetometerXYZ	32	static
../Core/Src/BoardSupportPackage/BSP_environment.c:151:9:BSP_ReadMagnetometerX	24	static
../Core/Src/BoardSupportPackage/BSP_environment.c:157:9:BSP_ReadMagnetometerY	24	static
../Core/Src/BoardSupportPackage/BSP_environment.c:163:9:BSP_ReadMagnetometerZ	24	static
